
==================================== ERRORS ====================================
___________ ERROR collecting tests/unit/frontend/test_doc_viewer.py ____________
ImportError while importing test module '/root/RAG-TC-DL/tests/unit/frontend/test_doc_viewer.py'.
Hint: make sure your test modules/packages have valid Python names.
Traceback:
/usr/lib/python3.12/importlib/__init__.py:90: in import_module
    return _bootstrap._gcd_import(name[level:], package, level)
           ^^^^^^^^^^^^^^^^^^^^^^^^^^^^^^^^^^^^^^^^^^^^^^^^^^^^
tests/unit/frontend/test_doc_viewer.py:7: in <module>
    import app
app.py:23: in <module>
    import gradio as gr
E   ModuleNotFoundError: No module named 'gradio'
________ ERROR collecting tests/unit/frontend/test_latex_delimiters.py _________
ImportError while importing test module '/root/RAG-TC-DL/tests/unit/frontend/test_latex_delimiters.py'.
Hint: make sure your test modules/packages have valid Python names.
Traceback:
/usr/lib/python3.12/importlib/__init__.py:90: in import_module
    return _bootstrap._gcd_import(name[level:], package, level)
           ^^^^^^^^^^^^^^^^^^^^^^^^^^^^^^^^^^^^^^^^^^^^^^^^^^^^
tests/unit/frontend/test_latex_delimiters.py:7: in <module>
    import app
app.py:23: in <module>
    import gradio as gr
E   ModuleNotFoundError: No module named 'gradio'
=============================== warnings summary ===============================
.venv-formula/lib/python3.12/site-packages/fastapi/testclient.py:1
  /root/RAG-TC-DL/.venv-formula/lib/python3.12/site-packages/fastapi/testclient.py:1: StarletteDeprecationWarning: Using `httpx` with `starlette.testclient` is deprecated; install `httpx2` instead.
    from starlette.testclient import TestClient as TestClient  # noqa

app.py:36
  /root/RAG-TC-DL/app.py:36: SyntaxWarning: invalid escape sequence '\D'
    SYSTEM_TMPL = """Bạn là trợ lý tra cứu quy trình kiểm định đo lường (QTKĐ) của Cục Tiêu chuẩn Đo lường Chất lượng Việt Nam.

-- Docs: https://docs.pytest.org/en/stable/how-to/capture-warnings.html
=========================== short test summary info ============================
ERROR tests/unit/frontend/test_doc_viewer.py
ERROR tests/unit/frontend/test_latex_delimiters.py
!!!!!!!!!!!!!!!!!!! Interrupted: 2 errors during collection !!!!!!!!!!!!!!!!!!!!
1 skipped, 2 warnings, 2 errors in 3.32s
