
> tro-ly-kiem-dinh@1.0.0 build
> vite build

vite v5.4.21 building for production...
transforming...
✓ 377 modules transformed.
rendering chunks...
computing gzip size...
dist/index.html                                                      0.90 kB │ gzip:   0.55 kB
dist/assets/KaTeX_Size3-Regular-CTq5MqoE.woff                        4.42 kB
dist/assets/KaTeX_Size4-Regular-Dl5lxZxV.woff2                       4.93 kB
dist/assets/KaTeX_Size2-Regular-Dy4dx90m.woff2                       5.21 kB
dist/assets/lora-vietnamese-400-normal-BxA6xcFr.woff2                5.29 kB
dist/assets/KaTeX_Size1-Regular-mCD8mA8B.woff2                       5.47 kB
dist/assets/KaTeX_Size4-Regular-BF-4gkZK.woff                        5.98 kB
dist/assets/KaTeX_Size2-Regular-oD1tc_U0.woff                        6.19 kB
dist/assets/KaTeX_Size1-Regular-C195tn64.woff                        6.50 kB
dist/assets/be-vietnam-pro-vietnamese-400-normal-BuGn0gnm.woff       6.57 kB
dist/assets/be-vietnam-pro-vietnamese-600-normal-DkpCIyan.woff       6.88 kB
dist/assets/be-vietnam-pro-vietnamese-500-normal-CfdwVo8-.woff       6.88 kB
dist/assets/be-vietnam-pro-vietnamese-700-normal-By_5yT39.woff       6.89 kB
dist/assets/KaTeX_Caligraphic-Regular-Di6jR-x-.woff2                 6.91 kB
dist/assets/KaTeX_Caligraphic-Bold-Dq_IR9rO.woff2                    6.91 kB
dist/assets/lora-vietnamese-400-normal-DlgyXXxo.woff                 7.43 kB
dist/assets/KaTeX_Size3-Regular-DgpXs0kz.ttf                         7.59 kB
dist/assets/KaTeX_Caligraphic-Regular-CTRA-rTL.woff                  7.66 kB
dist/assets/KaTeX_Caligraphic-Bold-BEiXGLvX.woff                     7.72 kB
dist/assets/be-vietnam-pro-latin-ext-400-normal-DYBYyMQr.woff        8.90 kB
dist/assets/be-vietnam-pro-latin-ext-700-normal-4Hjo2OtD.woff        9.19 kB
dist/assets/be-vietnam-pro-latin-ext-500-normal-CK0UkkKf.woff        9.20 kB
dist/assets/be-vietnam-pro-latin-ext-600-normal-BeUwKxhG.woff        9.22 kB
dist/assets/lora-symbols-400-normal-DmcY0X7a.woff2                   9.48 kB
dist/assets/KaTeX_Script-Regular-D3wIWfF6.woff2                      9.64 kB
dist/assets/KaTeX_SansSerif-Regular-DDBCnlJ7.woff2                  10.34 kB
dist/assets/KaTeX_Size4-Regular-DWFBv043.ttf                        10.36 kB
dist/assets/KaTeX_Script-Regular-D5yQViql.woff                      10.59 kB
dist/assets/lora-symbols-400-normal-BK2bqsD8.woff                   11.30 kB
dist/assets/KaTeX_Fraktur-Regular-CTYiF6lA.woff2                    11.32 kB
dist/assets/KaTeX_Fraktur-Bold-CL6g_b3V.woff2                       11.35 kB
dist/assets/lora-cyrillic-400-normal-CbVom6TB.woff2                 11.48 kB
dist/assets/KaTeX_Size2-Regular-B7gKUWhC.ttf                        11.51 kB
dist/assets/be-vietnam-pro-vietnamese-400-normal-CRcqvyg1.woff2     11.53 kB
dist/assets/lora-latin-ext-400-normal-CyviI4c-.woff2                12.02 kB
dist/assets/KaTeX_SansSerif-Italic-C3H0VqGB.woff2                   12.03 kB
dist/assets/be-vietnam-pro-vietnamese-500-normal-DREgrEoJ.woff2     12.17 kB
dist/assets/be-vietnam-pro-vietnamese-600-normal-nyU-ZL2p.woff2     12.18 kB
dist/assets/KaTeX_SansSerif-Bold-D1sUS0GD.woff2                     12.22 kB
dist/assets/KaTeX_Size1-Regular-Dbsnue_I.ttf                        12.23 kB
dist/assets/KaTeX_SansSerif-Regular-CS6fqUqJ.woff                   12.32 kB
dist/assets/KaTeX_Caligraphic-Regular-wX97UBjC.ttf                  12.34 kB
dist/assets/KaTeX_Caligraphic-Bold-ATXxdsX0.ttf                     12.37 kB
dist/assets/be-vietnam-pro-vietnamese-700-normal-Csr0PCuG.woff2     12.47 kB
dist/assets/lora-cyrillic-ext-400-normal-DwaaZvol.woff2             12.53 kB
dist/assets/be-vietnam-pro-latin-ext-400-normal-CiZNW1ec.woff2      13.06 kB
dist/assets/KaTeX_Fraktur-Regular-Dxdc4cR9.woff                     13.21 kB
dist/assets/KaTeX_Fraktur-Bold-BsDP51OF.woff                        13.30 kB
dist/assets/be-vietnam-pro-latin-ext-500-normal-h0Fp6aX0.woff2      13.55 kB
dist/assets/KaTeX_Typewriter-Regular-CO6r4hn1.woff2                 13.57 kB
dist/assets/be-vietnam-pro-latin-ext-600-normal-BNd8euf0.woff2      13.61 kB
dist/assets/be-vietnam-pro-latin-ext-700-normal-C8_gqRu2.woff2      13.85 kB
dist/assets/lora-cyrillic-400-normal-BedExNGj.woff                  14.07 kB
dist/assets/KaTeX_SansSerif-Italic-DN2j7dab.woff                    14.11 kB
dist/assets/KaTeX_SansSerif-Bold-DbIhKOiC.woff                      14.41 kB
dist/assets/lora-latin-ext-400-normal-B9GmMl5M.woff                 15.69 kB
dist/assets/lora-cyrillic-ext-400-normal-PiPRSBNu.woff              15.96 kB
dist/assets/KaTeX_Typewriter-Regular-C0xS9mPB.woff                  16.03 kB
dist/assets/lora-math-400-normal-D2gccGFf.woff2                     16.29 kB
dist/assets/KaTeX_Math-BoldItalic-CZnvNsCZ.woff2                    16.40 kB
dist/assets/be-vietnam-pro-latin-400-normal-bXgqVju9.woff           16.43 kB
dist/assets/KaTeX_Math-Italic-t53AETM-.woff2                        16.44 kB
dist/assets/KaTeX_Script-Regular-C5JkGWo-.ttf                       16.65 kB
dist/assets/KaTeX_Main-BoldItalic-DxDJ3AOS.woff2                    16.78 kB
dist/assets/be-vietnam-pro-latin-700-normal-C2EtzaOi.woff           16.91 kB
dist/assets/KaTeX_Main-Italic-NWA7e6Wa.woff2                        16.99 kB
dist/assets/be-vietnam-pro-latin-500-normal-BJkVuMHw.woff           17.00 kB
dist/assets/be-vietnam-pro-latin-600-normal-5IO4e7bK.woff           17.02 kB
dist/assets/KaTeX_Math-BoldItalic-iY-2wyZ7.woff                     18.67 kB
dist/assets/KaTeX_Math-Italic-DA0__PXp.woff                         18.75 kB
dist/assets/KaTeX_Main-BoldItalic-SpSLRI95.woff                     19.41 kB
dist/assets/KaTeX_SansSerif-Regular-BNo7hRIc.ttf                    19.44 kB
dist/assets/KaTeX_Fraktur-Regular-CB_wures.ttf                      19.57 kB
dist/assets/KaTeX_Fraktur-Bold-BdnERNNW.ttf                         19.58 kB
dist/assets/KaTeX_Main-Italic-BMLOBm91.woff                         19.68 kB
dist/assets/lora-math-400-normal-BToItYw_.woff                      19.80 kB
dist/assets/lora-latin-400-normal-DnxXpLNu.woff2                    21.15 kB
dist/assets/be-vietnam-pro-latin-400-normal-PpnXBOrz.woff2          21.17 kB
dist/assets/be-vietnam-pro-latin-500-normal-B6LVzGNe.woff2          21.89 kB
dist/assets/be-vietnam-pro-latin-600-normal-BZDkUTrt.woff2          22.03 kB
dist/assets/be-vietnam-pro-latin-700-normal-DlW1Zbsh.woff2          22.15 kB
dist/assets/KaTeX_SansSerif-Italic-YYjJ1zSn.ttf                     22.36 kB
dist/assets/KaTeX_SansSerif-Bold-CFMepnvq.ttf                       24.50 kB
dist/assets/KaTeX_Main-Bold-Cx986IdX.woff2                          25.32 kB
dist/assets/lora-latin-400-normal-DBJS-Hc6.woff                     25.96 kB
dist/assets/KaTeX_Main-Regular-B22Nviop.woff2                       26.27 kB
dist/assets/KaTeX_Typewriter-Regular-D3Ib7_Hf.ttf                   27.56 kB
dist/assets/KaTeX_AMS-Regular-BQhdFMY1.woff2                        28.08 kB
dist/assets/KaTeX_Main-Bold-Jm3AIy58.woff                           29.91 kB
dist/assets/KaTeX_Main-Regular-Dr94JaBh.woff                        30.77 kB
dist/assets/KaTeX_Math-BoldItalic-B3XSjfu4.ttf                      31.20 kB
dist/assets/KaTeX_Math-Italic-flOr_0UB.ttf                          31.31 kB
dist/assets/KaTeX_Main-BoldItalic-DzxPMmG6.ttf                      32.97 kB
dist/assets/KaTeX_AMS-Regular-DMm9YOAa.woff                         33.52 kB
dist/assets/KaTeX_Main-Italic-3WenGoN9.ttf                          33.58 kB
dist/assets/KaTeX_Main-Bold-waoOVXN0.ttf                            51.34 kB
dist/assets/KaTeX_Main-Regular-ypZvNtVU.ttf                         53.58 kB
dist/assets/KaTeX_AMS-Regular-DRggAlZN.ttf                          63.63 kB
dist/assets/index-BrX2sIO4.css                                      64.19 kB │ gzip:  15.47 kB
dist/assets/index-s2JoA227.js                                    1,021.92 kB │ gzip: 308.72 kB

(!) Some chunks are larger than 500 kB after minification. Consider:
- Using dynamic import() to code-split the application
- Use build.rollupOptions.output.manualChunks to improve chunking: https://rollupjs.org/configuration-options/#output-manualchunks
- Adjust chunk size limit for this warning via build.chunkSizeWarningLimit.
✓ built in 7.86s
